// Vitest Snapshot v1, https://vitest.dev/guide/snapshot.html

exports[`<VendorDetailPage /> > should handle when filter by product name returns null 1`] = `
"NameCategoryDescriptionPriceundefinedPreviousundefinedMore pages-101undefinedMore pagesNext
undefined"
`;

exports[`<VendorDetailPage /> > should render the table content properly 1`] = `
"Adriza Nikmah, PTundefinedHeadset dll
Rating: 0
Showing vendor performance by .....

Inventory List

NameCategoryDescriptionPriceMajalahStationaryMajalahRp 450.000,00 / PcsundefinedMajalahStationaryMajalah$450,000.00 / PcsundefinedundefinedPreviousundefinedMore pages012undefinedMore pagesNext
undefined© 2024 KOMPAS
Lorem ipsum dolor sit amet, consectetur adipiscing elit, sed do eiusmod tempor incididunt ut labore et dolore magna aliqua. Ut enim ad minim veniam, quis nostrud exercitation ullamco laboris nisi ut aliquip ex ea commodo consequat.
Contact us (Email):"
`;
