// Vitest Snapshot v1, https://vitest.dev/guide/snapshot.html

exports[`<EmailPage /> > should render email status content properly 1`] = `"Vendor NameEmail ToPerformance ScoreDate SentStatusMulti Kharisma Solusindo, PTAndrewjeremy12345@gmail.com-1002024-12-04T23:19:43.14054ZFailedSuccessIn ProgressCompletedMulti Kharisma Solusindo, PTAndrewjeremy12345@gmail.com-1002024-12-05T00:11:12.155375ZFailedSuccessIn ProgressCompletedFors Fortis Indonesia, PTkiminonamaewa98@gmail.com02024-12-05T00:11:37.379726ZFailedSuccessIn ProgressCompletedMulti Kharisma Solusindo, PTAndrewjeremy12345@gmail.com-1002024-12-05T00:11:37.935501ZFailedSuccessIn ProgressCompleted"`;
